Archive member included to satisfy reference by file (symbol)

c:/program files (x86)/atollic/truestudio for stm32 9.3.0/armtools/bin/../lib/gcc/arm-atollic-eabi/6.3.1/../../../../arm-atollic-eabi/lib/armv7e-m/fpu\libc_nano.a(lib_a-init.o)
                              Init\startup_stm32f429x.o (__libc_init_array)

Memory Configuration

Name             Origin             Length             Attributes
FLASH            0x08000000         0x00200000         xr
RAM              0x20000000         0x00030000         xrw
MEMORY_B1        0x60000000         0x00000000         xr
CCMRAM           0x10000000         0x00010000         rw
*default*        0x00000000         0xffffffff

Linker script and memory map

LOAD c:/program files (x86)/atollic/truestudio for stm32 9.3.0/armtools/bin/../lib/gcc/arm-atollic-eabi/6.3.1/armv7e-m/fpu/crti.o
LOAD c:/program files (x86)/atollic/truestudio for stm32 9.3.0/armtools/bin/../lib/gcc/arm-atollic-eabi/6.3.1/armv7e-m/fpu/crtbegin.o
LOAD Init\main.o
LOAD Init\startup_stm32f429x.o
LOAD Init\system_stm32f4xx.o
LOAD MCAL\GPIO\src\GPIO.o
LOAD MCAL\GPIO\src\GPIO_LCfg.o
LOAD MCAL\Interrupts\src\stm32f4xx_it.o
LOAD MCAL\SysTick\src\SysTick.o
                0x00000080                malloc_getpagesize_P = 0x80
START GROUP
LOAD c:/program files (x86)/atollic/truestudio for stm32 9.3.0/armtools/bin/../lib/gcc/arm-atollic-eabi/6.3.1/../../../../arm-atollic-eabi/lib/armv7e-m/fpu\libc_nano.a
LOAD c:/program files (x86)/atollic/truestudio for stm32 9.3.0/armtools/bin/../lib/gcc/arm-atollic-eabi/6.3.1/../../../../arm-atollic-eabi/lib/armv7e-m/fpu\libm.a
END GROUP
START GROUP
LOAD c:/program files (x86)/atollic/truestudio for stm32 9.3.0/armtools/bin/../lib/gcc/arm-atollic-eabi/6.3.1/armv7e-m/fpu\libgcc.a
LOAD c:/program files (x86)/atollic/truestudio for stm32 9.3.0/armtools/bin/../lib/gcc/arm-atollic-eabi/6.3.1/../../../../arm-atollic-eabi/lib/armv7e-m/fpu\libc_nano.a
END GROUP
START GROUP
LOAD c:/program files (x86)/atollic/truestudio for stm32 9.3.0/armtools/bin/../lib/gcc/arm-atollic-eabi/6.3.1/armv7e-m/fpu\libgcc.a
LOAD c:/program files (x86)/atollic/truestudio for stm32 9.3.0/armtools/bin/../lib/gcc/arm-atollic-eabi/6.3.1/../../../../arm-atollic-eabi/lib/armv7e-m/fpu\libc_nano.a
LOAD c:/program files (x86)/atollic/truestudio for stm32 9.3.0/armtools/bin/../lib/gcc/arm-atollic-eabi/6.3.1/../../../../arm-atollic-eabi/lib/armv7e-m/fpu\libnosys.a
END GROUP
START GROUP
LOAD c:/program files (x86)/atollic/truestudio for stm32 9.3.0/armtools/bin/../lib/gcc/arm-atollic-eabi/6.3.1/armv7e-m/fpu\libgcc.a
LOAD c:/program files (x86)/atollic/truestudio for stm32 9.3.0/armtools/bin/../lib/gcc/arm-atollic-eabi/6.3.1/../../../../arm-atollic-eabi/lib/armv7e-m/fpu\libc_nano.a
LOAD c:/program files (x86)/atollic/truestudio for stm32 9.3.0/armtools/bin/../lib/gcc/arm-atollic-eabi/6.3.1/../../../../arm-atollic-eabi/lib/armv7e-m/fpu\libnosys.a
END GROUP
LOAD c:/program files (x86)/atollic/truestudio for stm32 9.3.0/armtools/bin/../lib/gcc/arm-atollic-eabi/6.3.1/armv7e-m/fpu/crtend.o
LOAD c:/program files (x86)/atollic/truestudio for stm32 9.3.0/armtools/bin/../lib/gcc/arm-atollic-eabi/6.3.1/armv7e-m/fpu/crtn.o
                0x20030000                _estack = 0x20030000
                0x00000000                _Min_Heap_Size = 0x0
                0x00000400                _Min_Stack_Size = 0x400

.isr_vector     0x08000000      0x1ac
                0x08000000                . = ALIGN (0x4)
 *(.isr_vector)
 .isr_vector    0x08000000      0x1ac Init\startup_stm32f429x.o
                0x08000000                g_pfnVectors
                0x080001ac                . = ALIGN (0x4)

.text           0x080001ac      0x720
                0x080001ac                . = ALIGN (0x4)
 *(.text)
 .text          0x080001ac        0x0 c:/program files (x86)/atollic/truestudio for stm32 9.3.0/armtools/bin/../lib/gcc/arm-atollic-eabi/6.3.1/armv7e-m/fpu/crti.o
 .text          0x080001ac       0x40 c:/program files (x86)/atollic/truestudio for stm32 9.3.0/armtools/bin/../lib/gcc/arm-atollic-eabi/6.3.1/armv7e-m/fpu/crtbegin.o
 .text          0x080001ec       0x2e Init\main.o
                0x080001ec                main
 .text          0x0800021a       0x14 Init\startup_stm32f429x.o
 *fill*         0x0800022e        0x2 
 .text          0x08000230      0x25c Init\system_stm32f4xx.o
                0x08000230                SystemInit
                0x0800029c                SystemCoreClockUpdate
 .text          0x0800048c      0x22c MCAL\GPIO\src\GPIO.o
                0x0800048c                GPIO_vidInit
                0x08000654                GPIO_vidWriteChannel
 .text          0x080006b8        0x0 MCAL\GPIO\src\GPIO_LCfg.o
 .text          0x080006b8       0x6c MCAL\Interrupts\src\stm32f4xx_it.o
                0x080006b8                NMI_Handler
                0x080006c6                HardFault_Handler
                0x080006cc                MemManage_Handler
                0x080006d2                BusFault_Handler
                0x080006d8                UsageFault_Handler
                0x080006de                SVC_Handler
                0x080006ec                DebugMon_Handler
                0x080006fa                PendSV_Handler
                0x08000708                SysTick_Handler
 .text          0x08000724       0xf0 MCAL\SysTick\src\SysTick.o
                0x080007bc                SysTick_vidInit
                0x080007d0                SysTick_vidDelay
                0x080007fc                SysTick_u32GetCurrentTick
 .text          0x08000814        0x0 c:/program files (x86)/atollic/truestudio for stm32 9.3.0/armtools/bin/../lib/gcc/arm-atollic-eabi/6.3.1/../../../../arm-atollic-eabi/lib/armv7e-m/fpu\libc_nano.a(lib_a-init.o)
 .text          0x08000814        0x0 c:/program files (x86)/atollic/truestudio for stm32 9.3.0/armtools/bin/../lib/gcc/arm-atollic-eabi/6.3.1/armv7e-m/fpu/crtend.o
 .text          0x08000814        0x0 c:/program files (x86)/atollic/truestudio for stm32 9.3.0/armtools/bin/../lib/gcc/arm-atollic-eabi/6.3.1/armv7e-m/fpu/crtn.o
 *(.text*)
 .text.Reset_Handler
                0x08000814       0x50 Init\startup_stm32f429x.o
                0x08000814                Reset_Handler
 .text.Default_Handler
                0x08000864        0x2 Init\startup_stm32f429x.o
                0x08000864                RTC_Alarm_IRQHandler
                0x08000864                HASH_RNG_IRQHandler
                0x08000864                EXTI2_IRQHandler
                0x08000864                TIM8_CC_IRQHandler
                0x08000864                UART8_IRQHandler
                0x08000864                SPI4_IRQHandler
                0x08000864                TIM1_CC_IRQHandler
                0x08000864                DMA2_Stream5_IRQHandler
                0x08000864                DMA1_Stream5_IRQHandler
                0x08000864                PVD_IRQHandler
                0x08000864                SDIO_IRQHandler
                0x08000864                TAMP_STAMP_IRQHandler
                0x08000864                CAN2_RX1_IRQHandler
                0x08000864                EXTI3_IRQHandler
                0x08000864                TIM8_TRG_COM_TIM14_IRQHandler
                0x08000864                TIM1_UP_TIM10_IRQHandler
                0x08000864                TIM8_UP_TIM13_IRQHandler
                0x08000864                I2C3_ER_IRQHandler
                0x08000864                EXTI0_IRQHandler
                0x08000864                I2C2_EV_IRQHandler
                0x08000864                DMA1_Stream2_IRQHandler
                0x08000864                CAN1_RX0_IRQHandler
                0x08000864                FPU_IRQHandler
                0x08000864                OTG_HS_WKUP_IRQHandler
                0x08000864                LTDC_ER_IRQHandler
                0x08000864                CAN2_SCE_IRQHandler
                0x08000864                DMA2_Stream2_IRQHandler
                0x08000864                SPI1_IRQHandler
                0x08000864                TIM6_DAC_IRQHandler
                0x08000864                TIM1_BRK_TIM9_IRQHandler
                0x08000864                DCMI_IRQHandler
                0x08000864                CAN2_RX0_IRQHandler
                0x08000864                DMA2_Stream3_IRQHandler
                0x08000864                USART6_IRQHandler
                0x08000864                USART3_IRQHandler
                0x08000864                CRYP_IRQHandler
                0x08000864                CAN1_RX1_IRQHandler
                0x08000864                UART5_IRQHandler
                0x08000864                DMA2_Stream0_IRQHandler
                0x08000864                TIM4_IRQHandler
                0x08000864                I2C1_EV_IRQHandler
                0x08000864                DMA1_Stream6_IRQHandler
                0x08000864                DMA1_Stream1_IRQHandler
                0x08000864                UART4_IRQHandler
                0x08000864                TIM3_IRQHandler
                0x08000864                RCC_IRQHandler
                0x08000864                TIM8_BRK_TIM12_IRQHandler
                0x08000864                Default_Handler
                0x08000864                EXTI15_10_IRQHandler
                0x08000864                ADC_IRQHandler
                0x08000864                DMA1_Stream7_IRQHandler
                0x08000864                SPI5_IRQHandler
                0x08000864                TIM7_IRQHandler
                0x08000864                CAN2_TX_IRQHandler
                0x08000864                TIM5_IRQHandler
                0x08000864                DMA2_Stream7_IRQHandler
                0x08000864                I2C3_EV_IRQHandler
                0x08000864                EXTI9_5_IRQHandler
                0x08000864                RTC_WKUP_IRQHandler
                0x08000864                LTDC_IRQHandler
                0x08000864                ETH_WKUP_IRQHandler
                0x08000864                SPI2_IRQHandler
                0x08000864                OTG_HS_EP1_IN_IRQHandler
                0x08000864                DMA1_Stream0_IRQHandler
                0x08000864                CAN1_TX_IRQHandler
                0x08000864                EXTI4_IRQHandler
                0x08000864                ETH_IRQHandler
                0x08000864                OTG_HS_EP1_OUT_IRQHandler
                0x08000864                WWDG_IRQHandler
                0x08000864                SPI6_IRQHandler
                0x08000864                TIM2_IRQHandler
                0x08000864                OTG_FS_WKUP_IRQHandler
                0x08000864                TIM1_TRG_COM_TIM11_IRQHandler
                0x08000864                OTG_HS_IRQHandler
                0x08000864                DMA2D_IRQHandler
                0x08000864                EXTI1_IRQHandler
                0x08000864                UART7_IRQHandler
                0x08000864                USART2_IRQHandler
                0x08000864                I2C2_ER_IRQHandler
                0x08000864                DMA2_Stream1_IRQHandler
                0x08000864                CAN1_SCE_IRQHandler
                0x08000864                FLASH_IRQHandler
                0x08000864                DMA2_Stream4_IRQHandler
                0x08000864                USART1_IRQHandler
                0x08000864                OTG_FS_IRQHandler
                0x08000864                SPI3_IRQHandler
                0x08000864                DMA1_Stream4_IRQHandler
                0x08000864                I2C1_ER_IRQHandler
                0x08000864                FMC_IRQHandler
                0x08000864                DMA2_Stream6_IRQHandler
                0x08000864                SAI1_IRQHandler
                0x08000864                DMA1_Stream3_IRQHandler
 *fill*         0x08000866        0x2 
 .text.__libc_init_array
                0x08000868       0x48 c:/program files (x86)/atollic/truestudio for stm32 9.3.0/armtools/bin/../lib/gcc/arm-atollic-eabi/6.3.1/../../../../arm-atollic-eabi/lib/armv7e-m/fpu\libc_nano.a(lib_a-init.o)
                0x08000868                __libc_init_array
 *(.glue_7)
 .glue_7        0x080008b0        0x0 linker stubs
 *(.glue_7t)
 .glue_7t       0x080008b0        0x0 linker stubs
 *(.eh_frame)
 .eh_frame      0x080008b0        0x0 c:/program files (x86)/atollic/truestudio for stm32 9.3.0/armtools/bin/../lib/gcc/arm-atollic-eabi/6.3.1/armv7e-m/fpu/crtbegin.o
 .eh_frame      0x080008b0        0x4 c:/program files (x86)/atollic/truestudio for stm32 9.3.0/armtools/bin/../lib/gcc/arm-atollic-eabi/6.3.1/armv7e-m/fpu/crtend.o
 *(.init)
 .init          0x080008b4        0x4 c:/program files (x86)/atollic/truestudio for stm32 9.3.0/armtools/bin/../lib/gcc/arm-atollic-eabi/6.3.1/armv7e-m/fpu/crti.o
                0x080008b4                _init
 .init          0x080008b8        0x8 c:/program files (x86)/atollic/truestudio for stm32 9.3.0/armtools/bin/../lib/gcc/arm-atollic-eabi/6.3.1/armv7e-m/fpu/crtn.o
 *(.fini)
 .fini          0x080008c0        0x4 c:/program files (x86)/atollic/truestudio for stm32 9.3.0/armtools/bin/../lib/gcc/arm-atollic-eabi/6.3.1/armv7e-m/fpu/crti.o
                0x080008c0                _fini
 .fini          0x080008c4        0x8 c:/program files (x86)/atollic/truestudio for stm32 9.3.0/armtools/bin/../lib/gcc/arm-atollic-eabi/6.3.1/armv7e-m/fpu/crtn.o
                0x080008cc                . = ALIGN (0x4)
                0x080008cc                _etext = .

.vfp11_veneer   0x080008cc        0x0
 .vfp11_veneer  0x080008cc        0x0 linker stubs

.v4_bx          0x080008cc        0x0
 .v4_bx         0x080008cc        0x0 linker stubs

.iplt           0x080008cc        0x0
 .iplt          0x080008cc        0x0 c:/program files (x86)/atollic/truestudio for stm32 9.3.0/armtools/bin/../lib/gcc/arm-atollic-eabi/6.3.1/armv7e-m/fpu/crtbegin.o

.rodata         0x080008cc       0x50
                0x080008cc                . = ALIGN (0x4)
 *(.rodata)
 .rodata        0x080008cc       0x50 MCAL\GPIO\src\GPIO_LCfg.o
                0x080008cc                GPIO_akstreCfgPortG
 *(.rodata*)
                0x0800091c                . = ALIGN (0x4)

.rel.dyn        0x0800091c        0x0
 .rel.iplt      0x0800091c        0x0 c:/program files (x86)/atollic/truestudio for stm32 9.3.0/armtools/bin/../lib/gcc/arm-atollic-eabi/6.3.1/armv7e-m/fpu/crtbegin.o

.ARM.extab
 *(.ARM.extab* .gnu.linkonce.armextab.*)

.ARM            0x0800091c        0x0
                0x0800091c                __exidx_start = .
 *(.ARM.exidx*)
                0x0800091c                __exidx_end = .

.preinit_array  0x0800091c        0x0
                0x0800091c                PROVIDE (__preinit_array_start, .)
 *(.preinit_array*)
                0x0800091c                PROVIDE (__preinit_array_end, .)

.init_array     0x0800091c        0x4
                0x0800091c                PROVIDE (__init_array_start, .)
 *(SORT(.init_array.*))
 *(.init_array*)
 .init_array    0x0800091c        0x4 c:/program files (x86)/atollic/truestudio for stm32 9.3.0/armtools/bin/../lib/gcc/arm-atollic-eabi/6.3.1/armv7e-m/fpu/crtbegin.o
                0x08000920                PROVIDE (__init_array_end, .)

.fini_array     0x08000920        0x4
                [!provide]                PROVIDE (__fini_array_start, .)
 *(SORT(.fini_array.*))
 *(.fini_array*)
 .fini_array    0x08000920        0x4 c:/program files (x86)/atollic/truestudio for stm32 9.3.0/armtools/bin/../lib/gcc/arm-atollic-eabi/6.3.1/armv7e-m/fpu/crtbegin.o
                [!provide]                PROVIDE (__fini_array_end, .)
                0x08000924                _sidata = LOADADDR (.data)

.data           0x20000000       0x18 load address 0x08000924
                0x20000000                . = ALIGN (0x4)
                0x20000000                _sdata = .
 *(.data)
 .data          0x20000000        0x0 c:/program files (x86)/atollic/truestudio for stm32 9.3.0/armtools/bin/../lib/gcc/arm-atollic-eabi/6.3.1/armv7e-m/fpu/crti.o
 .data          0x20000000        0x4 c:/program files (x86)/atollic/truestudio for stm32 9.3.0/armtools/bin/../lib/gcc/arm-atollic-eabi/6.3.1/armv7e-m/fpu/crtbegin.o
                0x20000000                __dso_handle
 .data          0x20000004        0x0 Init\main.o
 .data          0x20000004        0x0 Init\startup_stm32f429x.o
 .data          0x20000004       0x14 Init\system_stm32f4xx.o
                0x20000004                SystemCoreClock
                0x20000008                AHBPrescTable
 .data          0x20000018        0x0 MCAL\GPIO\src\GPIO.o
 .data          0x20000018        0x0 MCAL\GPIO\src\GPIO_LCfg.o
 .data          0x20000018        0x0 MCAL\Interrupts\src\stm32f4xx_it.o
 .data          0x20000018        0x0 MCAL\SysTick\src\SysTick.o
 .data          0x20000018        0x0 c:/program files (x86)/atollic/truestudio for stm32 9.3.0/armtools/bin/../lib/gcc/arm-atollic-eabi/6.3.1/../../../../arm-atollic-eabi/lib/armv7e-m/fpu\libc_nano.a(lib_a-init.o)
 .data          0x20000018        0x0 c:/program files (x86)/atollic/truestudio for stm32 9.3.0/armtools/bin/../lib/gcc/arm-atollic-eabi/6.3.1/armv7e-m/fpu/crtend.o
 .data          0x20000018        0x0 c:/program files (x86)/atollic/truestudio for stm32 9.3.0/armtools/bin/../lib/gcc/arm-atollic-eabi/6.3.1/armv7e-m/fpu/crtn.o
 *(.data*)
                0x20000018                . = ALIGN (0x4)
                0x20000018                _edata = .
                0x0800093c                _siccmram = LOADADDR (.ccmram)

.igot.plt       0x20000018        0x0 load address 0x0800093c
 .igot.plt      0x20000018        0x0 c:/program files (x86)/atollic/truestudio for stm32 9.3.0/armtools/bin/../lib/gcc/arm-atollic-eabi/6.3.1/armv7e-m/fpu/crtbegin.o

.ccmram         0x10000000        0x0 load address 0x0800093c
                0x10000000                . = ALIGN (0x4)
                0x10000000                _sccmram = .
 *(.ccmram)
 *(.ccmram*)
                0x10000000                . = ALIGN (0x4)
                0x10000000                _eccmram = .
                0x10000000                . = ALIGN (0x4)

.bss            0x20000018       0x20
                0x20000018                _sbss = .
                0x20000018                __bss_start__ = _sbss
 *(.bss)
 .bss           0x20000018        0x0 c:/program files (x86)/atollic/truestudio for stm32 9.3.0/armtools/bin/../lib/gcc/arm-atollic-eabi/6.3.1/armv7e-m/fpu/crti.o
 .bss           0x20000018       0x1c c:/program files (x86)/atollic/truestudio for stm32 9.3.0/armtools/bin/../lib/gcc/arm-atollic-eabi/6.3.1/armv7e-m/fpu/crtbegin.o
 .bss           0x20000034        0x0 Init\main.o
 .bss           0x20000034        0x0 Init\startup_stm32f429x.o
 .bss           0x20000034        0x0 Init\system_stm32f4xx.o
 .bss           0x20000034        0x0 MCAL\GPIO\src\GPIO.o
 .bss           0x20000034        0x0 MCAL\GPIO\src\GPIO_LCfg.o
 .bss           0x20000034        0x0 MCAL\Interrupts\src\stm32f4xx_it.o
 .bss           0x20000034        0x4 MCAL\SysTick\src\SysTick.o
                0x20000034                SysTick_u32eCounter
 .bss           0x20000038        0x0 c:/program files (x86)/atollic/truestudio for stm32 9.3.0/armtools/bin/../lib/gcc/arm-atollic-eabi/6.3.1/../../../../arm-atollic-eabi/lib/armv7e-m/fpu\libc_nano.a(lib_a-init.o)
 .bss           0x20000038        0x0 c:/program files (x86)/atollic/truestudio for stm32 9.3.0/armtools/bin/../lib/gcc/arm-atollic-eabi/6.3.1/armv7e-m/fpu/crtend.o
 .bss           0x20000038        0x0 c:/program files (x86)/atollic/truestudio for stm32 9.3.0/armtools/bin/../lib/gcc/arm-atollic-eabi/6.3.1/armv7e-m/fpu/crtn.o
 *(.bss*)
 *(COMMON)
                0x20000038                . = ALIGN (0x4)
                0x20000038                _ebss = .
                0x20000038                __bss_end__ = _ebss

._user_heap_stack
                0x20000038      0x400
                0x20000038                . = ALIGN (0x4)
                [!provide]                PROVIDE (end, .)
                [!provide]                PROVIDE (_end, .)
                0x20000038                . = (. + _Min_Heap_Size)
                0x20000438                . = (. + _Min_Stack_Size)
 *fill*         0x20000038      0x400 
                0x20000438                . = ALIGN (0x4)

.memory_b1_text
 *(.mb1text)
 *(.mb1text*)
 *(.mb1rodata)
 *(.mb1rodata*)

/DISCARD/
 libc.a(*)
 libm.a(*)
 libgcc.a(*)

.ARM.attributes
                0x00000000       0x30
 *(.ARM.attributes)
 .ARM.attributes
                0x00000000       0x22 c:/program files (x86)/atollic/truestudio for stm32 9.3.0/armtools/bin/../lib/gcc/arm-atollic-eabi/6.3.1/armv7e-m/fpu/crti.o
 .ARM.attributes
                0x00000022       0x34 c:/program files (x86)/atollic/truestudio for stm32 9.3.0/armtools/bin/../lib/gcc/arm-atollic-eabi/6.3.1/armv7e-m/fpu/crtbegin.o
 .ARM.attributes
                0x00000056       0x39 Init\main.o
 .ARM.attributes
                0x0000008f       0x21 Init\startup_stm32f429x.o
 .ARM.attributes
                0x000000b0       0x39 Init\system_stm32f4xx.o
 .ARM.attributes
                0x000000e9       0x39 MCAL\GPIO\src\GPIO.o
 .ARM.attributes
                0x00000122       0x39 MCAL\GPIO\src\GPIO_LCfg.o
 .ARM.attributes
                0x0000015b       0x39 MCAL\Interrupts\src\stm32f4xx_it.o
 .ARM.attributes
                0x00000194       0x39 MCAL\SysTick\src\SysTick.o
 .ARM.attributes
                0x000001cd       0x34 c:/program files (x86)/atollic/truestudio for stm32 9.3.0/armtools/bin/../lib/gcc/arm-atollic-eabi/6.3.1/../../../../arm-atollic-eabi/lib/armv7e-m/fpu\libc_nano.a(lib_a-init.o)
 .ARM.attributes
                0x00000201       0x34 c:/program files (x86)/atollic/truestudio for stm32 9.3.0/armtools/bin/../lib/gcc/arm-atollic-eabi/6.3.1/armv7e-m/fpu/crtend.o
 .ARM.attributes
                0x00000235       0x22 c:/program files (x86)/atollic/truestudio for stm32 9.3.0/armtools/bin/../lib/gcc/arm-atollic-eabi/6.3.1/armv7e-m/fpu/crtn.o
OUTPUT(Project.elf elf32-littlearm)

.debug_info     0x00000000     0x18d5
 .debug_info    0x00000000      0x220 Init\main.o
 .debug_info    0x00000220       0x8c Init\startup_stm32f429x.o
 .debug_info    0x000002ac      0x5f7 Init\system_stm32f4xx.o
 .debug_info    0x000008a3      0x5e3 MCAL\GPIO\src\GPIO.o
 .debug_info    0x00000e86      0x193 MCAL\GPIO\src\GPIO_LCfg.o
 .debug_info    0x00001019      0x17d MCAL\Interrupts\src\stm32f4xx_it.o
 .debug_info    0x00001196      0x73f MCAL\SysTick\src\SysTick.o

.debug_abbrev   0x00000000      0x61d
 .debug_abbrev  0x00000000       0xc3 Init\main.o
 .debug_abbrev  0x000000c3       0x12 Init\startup_stm32f429x.o
 .debug_abbrev  0x000000d5      0x158 Init\system_stm32f4xx.o
 .debug_abbrev  0x0000022d      0x12b MCAL\GPIO\src\GPIO.o
 .debug_abbrev  0x00000358       0x8f MCAL\GPIO\src\GPIO_LCfg.o
 .debug_abbrev  0x000003e7       0x78 MCAL\Interrupts\src\stm32f4xx_it.o
 .debug_abbrev  0x0000045f      0x1be MCAL\SysTick\src\SysTick.o

.debug_aranges  0x00000000       0xe0
 .debug_aranges
                0x00000000       0x20 Init\main.o
 .debug_aranges
                0x00000020       0x28 Init\startup_stm32f429x.o
 .debug_aranges
                0x00000048       0x20 Init\system_stm32f4xx.o
 .debug_aranges
                0x00000068       0x20 MCAL\GPIO\src\GPIO.o
 .debug_aranges
                0x00000088       0x18 MCAL\GPIO\src\GPIO_LCfg.o
 .debug_aranges
                0x000000a0       0x20 MCAL\Interrupts\src\stm32f4xx_it.o
 .debug_aranges
                0x000000c0       0x20 MCAL\SysTick\src\SysTick.o

.debug_line     0x00000000      0xbcc
 .debug_line    0x00000000      0x20a Init\main.o
 .debug_line    0x0000020a       0x7b Init\startup_stm32f429x.o
 .debug_line    0x00000285      0x20f Init\system_stm32f4xx.o
 .debug_line    0x00000494      0x262 MCAL\GPIO\src\GPIO.o
 .debug_line    0x000006f6       0x8d MCAL\GPIO\src\GPIO_LCfg.o
 .debug_line    0x00000783      0x21f MCAL\Interrupts\src\stm32f4xx_it.o
 .debug_line    0x000009a2      0x22a MCAL\SysTick\src\SysTick.o

.debug_str      0x00000000      0xdb4
 .debug_str     0x00000000      0x330 Init\main.o
                                0x3b1 (size before relaxing)
 .debug_str     0x00000330      0x232 Init\system_stm32f4xx.o
                                0x40b (size before relaxing)
 .debug_str     0x00000562      0x115 MCAL\GPIO\src\GPIO.o
                                0x5d5 (size before relaxing)
 .debug_str     0x00000677       0x1d MCAL\GPIO\src\GPIO_LCfg.o
                                0x324 (size before relaxing)
 .debug_str     0x00000694       0xca MCAL\Interrupts\src\stm32f4xx_it.o
                                0x29c (size before relaxing)
 .debug_str     0x0000075e      0x656 MCAL\SysTick\src\SysTick.o
                                0x8d9 (size before relaxing)

.comment        0x00000000       0x7c
 .comment       0x00000000       0x7c Init\main.o
                                 0x7d (size before relaxing)
 .comment       0x0000007c       0x7d Init\system_stm32f4xx.o
 .comment       0x0000007c       0x7d MCAL\GPIO\src\GPIO.o
 .comment       0x0000007c       0x7d MCAL\GPIO\src\GPIO_LCfg.o
 .comment       0x0000007c       0x7d MCAL\Interrupts\src\stm32f4xx_it.o
 .comment       0x0000007c       0x7d MCAL\SysTick\src\SysTick.o

.debug_frame    0x00000000      0x300
 .debug_frame   0x00000000       0x2c Init\main.o
 .debug_frame   0x0000002c       0x7c Init\system_stm32f4xx.o
 .debug_frame   0x000000a8       0x60 MCAL\GPIO\src\GPIO.o
 .debug_frame   0x00000108      0x110 MCAL\Interrupts\src\stm32f4xx_it.o
 .debug_frame   0x00000218       0xbc MCAL\SysTick\src\SysTick.o
 .debug_frame   0x000002d4       0x2c c:/program files (x86)/atollic/truestudio for stm32 9.3.0/armtools/bin/../lib/gcc/arm-atollic-eabi/6.3.1/../../../../arm-atollic-eabi/lib/armv7e-m/fpu\libc_nano.a(lib_a-init.o)

.debug_ranges   0x00000000       0x20
 .debug_ranges  0x00000000       0x20 Init\startup_stm32f429x.o

Cross Reference Table

Symbol                                            File
ADC_IRQHandler                                    Init\startup_stm32f429x.o
AHBPrescTable                                     Init\system_stm32f4xx.o
BusFault_Handler                                  MCAL\Interrupts\src\stm32f4xx_it.o
                                                  Init\startup_stm32f429x.o
CAN1_RX0_IRQHandler                               Init\startup_stm32f429x.o
CAN1_RX1_IRQHandler                               Init\startup_stm32f429x.o
CAN1_SCE_IRQHandler                               Init\startup_stm32f429x.o
CAN1_TX_IRQHandler                                Init\startup_stm32f429x.o
CAN2_RX0_IRQHandler                               Init\startup_stm32f429x.o
CAN2_RX1_IRQHandler                               Init\startup_stm32f429x.o
CAN2_SCE_IRQHandler                               Init\startup_stm32f429x.o
CAN2_TX_IRQHandler                                Init\startup_stm32f429x.o
CRYP_IRQHandler                                   Init\startup_stm32f429x.o
DCMI_IRQHandler                                   Init\startup_stm32f429x.o
DMA1_Stream0_IRQHandler                           Init\startup_stm32f429x.o
DMA1_Stream1_IRQHandler                           Init\startup_stm32f429x.o
DMA1_Stream2_IRQHandler                           Init\startup_stm32f429x.o
DMA1_Stream3_IRQHandler                           Init\startup_stm32f429x.o
DMA1_Stream4_IRQHandler                           Init\startup_stm32f429x.o
DMA1_Stream5_IRQHandler                           Init\startup_stm32f429x.o
DMA1_Stream6_IRQHandler                           Init\startup_stm32f429x.o
DMA1_Stream7_IRQHandler                           Init\startup_stm32f429x.o
DMA2D_IRQHandler                                  Init\startup_stm32f429x.o
DMA2_Stream0_IRQHandler                           Init\startup_stm32f429x.o
DMA2_Stream1_IRQHandler                           Init\startup_stm32f429x.o
DMA2_Stream2_IRQHandler                           Init\startup_stm32f429x.o
DMA2_Stream3_IRQHandler                           Init\startup_stm32f429x.o
DMA2_Stream4_IRQHandler                           Init\startup_stm32f429x.o
DMA2_Stream5_IRQHandler                           Init\startup_stm32f429x.o
DMA2_Stream6_IRQHandler                           Init\startup_stm32f429x.o
DMA2_Stream7_IRQHandler                           Init\startup_stm32f429x.o
DebugMon_Handler                                  MCAL\Interrupts\src\stm32f4xx_it.o
                                                  Init\startup_stm32f429x.o
Default_Handler                                   Init\startup_stm32f429x.o
ETH_IRQHandler                                    Init\startup_stm32f429x.o
ETH_WKUP_IRQHandler                               Init\startup_stm32f429x.o
EXTI0_IRQHandler                                  Init\startup_stm32f429x.o
EXTI15_10_IRQHandler                              Init\startup_stm32f429x.o
EXTI1_IRQHandler                                  Init\startup_stm32f429x.o
EXTI2_IRQHandler                                  Init\startup_stm32f429x.o
EXTI3_IRQHandler                                  Init\startup_stm32f429x.o
EXTI4_IRQHandler                                  Init\startup_stm32f429x.o
EXTI9_5_IRQHandler                                Init\startup_stm32f429x.o
FLASH_IRQHandler                                  Init\startup_stm32f429x.o
FMC_IRQHandler                                    Init\startup_stm32f429x.o
FPU_IRQHandler                                    Init\startup_stm32f429x.o
GPIO_akstreCfgPortG                               MCAL\GPIO\src\GPIO_LCfg.o
                                                  MCAL\GPIO\src\GPIO.o
GPIO_vidInit                                      MCAL\GPIO\src\GPIO.o
                                                  Init\main.o
GPIO_vidWriteChannel                              MCAL\GPIO\src\GPIO.o
                                                  Init\main.o
HASH_RNG_IRQHandler                               Init\startup_stm32f429x.o
HardFault_Handler                                 MCAL\Interrupts\src\stm32f4xx_it.o
                                                  Init\startup_stm32f429x.o
I2C1_ER_IRQHandler                                Init\startup_stm32f429x.o
I2C1_EV_IRQHandler                                Init\startup_stm32f429x.o
I2C2_ER_IRQHandler                                Init\startup_stm32f429x.o
I2C2_EV_IRQHandler                                Init\startup_stm32f429x.o
I2C3_ER_IRQHandler                                Init\startup_stm32f429x.o
I2C3_EV_IRQHandler                                Init\startup_stm32f429x.o
LTDC_ER_IRQHandler                                Init\startup_stm32f429x.o
LTDC_IRQHandler                                   Init\startup_stm32f429x.o
MemManage_Handler                                 MCAL\Interrupts\src\stm32f4xx_it.o
                                                  Init\startup_stm32f429x.o
NMI_Handler                                       MCAL\Interrupts\src\stm32f4xx_it.o
                                                  Init\startup_stm32f429x.o
OTG_FS_IRQHandler                                 Init\startup_stm32f429x.o
OTG_FS_WKUP_IRQHandler                            Init\startup_stm32f429x.o
OTG_HS_EP1_IN_IRQHandler                          Init\startup_stm32f429x.o
OTG_HS_EP1_OUT_IRQHandler                         Init\startup_stm32f429x.o
OTG_HS_IRQHandler                                 Init\startup_stm32f429x.o
OTG_HS_WKUP_IRQHandler                            Init\startup_stm32f429x.o
PVD_IRQHandler                                    Init\startup_stm32f429x.o
PendSV_Handler                                    MCAL\Interrupts\src\stm32f4xx_it.o
                                                  Init\startup_stm32f429x.o
RCC_IRQHandler                                    Init\startup_stm32f429x.o
RTC_Alarm_IRQHandler                              Init\startup_stm32f429x.o
RTC_WKUP_IRQHandler                               Init\startup_stm32f429x.o
Reset_Handler                                     Init\startup_stm32f429x.o
SAI1_IRQHandler                                   Init\startup_stm32f429x.o
SDIO_IRQHandler                                   Init\startup_stm32f429x.o
SPI1_IRQHandler                                   Init\startup_stm32f429x.o
SPI2_IRQHandler                                   Init\startup_stm32f429x.o
SPI3_IRQHandler                                   Init\startup_stm32f429x.o
SPI4_IRQHandler                                   Init\startup_stm32f429x.o
SPI5_IRQHandler                                   Init\startup_stm32f429x.o
SPI6_IRQHandler                                   Init\startup_stm32f429x.o
SVC_Handler                                       MCAL\Interrupts\src\stm32f4xx_it.o
                                                  Init\startup_stm32f429x.o
SysTick_Handler                                   MCAL\Interrupts\src\stm32f4xx_it.o
                                                  Init\startup_stm32f429x.o
SysTick_u32GetCurrentTick                         MCAL\SysTick\src\SysTick.o
SysTick_u32eCounter                               MCAL\SysTick\src\SysTick.o
                                                  MCAL\Interrupts\src\stm32f4xx_it.o
SysTick_vidDelay                                  MCAL\SysTick\src\SysTick.o
                                                  Init\main.o
SysTick_vidInit                                   MCAL\SysTick\src\SysTick.o
                                                  Init\main.o
SystemCoreClock                                   Init\system_stm32f4xx.o
SystemCoreClockUpdate                             Init\system_stm32f4xx.o
SystemInit                                        Init\system_stm32f4xx.o
                                                  Init\startup_stm32f429x.o
TAMP_STAMP_IRQHandler                             Init\startup_stm32f429x.o
TIM1_BRK_TIM9_IRQHandler                          Init\startup_stm32f429x.o
TIM1_CC_IRQHandler                                Init\startup_stm32f429x.o
TIM1_TRG_COM_TIM11_IRQHandler                     Init\startup_stm32f429x.o
TIM1_UP_TIM10_IRQHandler                          Init\startup_stm32f429x.o
TIM2_IRQHandler                                   Init\startup_stm32f429x.o
TIM3_IRQHandler                                   Init\startup_stm32f429x.o
TIM4_IRQHandler                                   Init\startup_stm32f429x.o
TIM5_IRQHandler                                   Init\startup_stm32f429x.o
TIM6_DAC_IRQHandler                               Init\startup_stm32f429x.o
TIM7_IRQHandler                                   Init\startup_stm32f429x.o
TIM8_BRK_TIM12_IRQHandler                         Init\startup_stm32f429x.o
TIM8_CC_IRQHandler                                Init\startup_stm32f429x.o
TIM8_TRG_COM_TIM14_IRQHandler                     Init\startup_stm32f429x.o
TIM8_UP_TIM13_IRQHandler                          Init\startup_stm32f429x.o
UART4_IRQHandler                                  Init\startup_stm32f429x.o
UART5_IRQHandler                                  Init\startup_stm32f429x.o
UART7_IRQHandler                                  Init\startup_stm32f429x.o
UART8_IRQHandler                                  Init\startup_stm32f429x.o
USART1_IRQHandler                                 Init\startup_stm32f429x.o
USART2_IRQHandler                                 Init\startup_stm32f429x.o
USART3_IRQHandler                                 Init\startup_stm32f429x.o
USART6_IRQHandler                                 Init\startup_stm32f429x.o
UsageFault_Handler                                MCAL\Interrupts\src\stm32f4xx_it.o
                                                  Init\startup_stm32f429x.o
WWDG_IRQHandler                                   Init\startup_stm32f429x.o
__deregister_frame_info                           c:/program files (x86)/atollic/truestudio for stm32 9.3.0/armtools/bin/../lib/gcc/arm-atollic-eabi/6.3.1/armv7e-m/fpu/crtbegin.o
__dso_handle                                      c:/program files (x86)/atollic/truestudio for stm32 9.3.0/armtools/bin/../lib/gcc/arm-atollic-eabi/6.3.1/armv7e-m/fpu/crtbegin.o
__init_array_end                                  c:/program files (x86)/atollic/truestudio for stm32 9.3.0/armtools/bin/../lib/gcc/arm-atollic-eabi/6.3.1/../../../../arm-atollic-eabi/lib/armv7e-m/fpu\libc_nano.a(lib_a-init.o)
__init_array_start                                c:/program files (x86)/atollic/truestudio for stm32 9.3.0/armtools/bin/../lib/gcc/arm-atollic-eabi/6.3.1/../../../../arm-atollic-eabi/lib/armv7e-m/fpu\libc_nano.a(lib_a-init.o)
__libc_init_array                                 c:/program files (x86)/atollic/truestudio for stm32 9.3.0/armtools/bin/../lib/gcc/arm-atollic-eabi/6.3.1/../../../../arm-atollic-eabi/lib/armv7e-m/fpu\libc_nano.a(lib_a-init.o)
                                                  Init\startup_stm32f429x.o
__preinit_array_end                               c:/program files (x86)/atollic/truestudio for stm32 9.3.0/armtools/bin/../lib/gcc/arm-atollic-eabi/6.3.1/../../../../arm-atollic-eabi/lib/armv7e-m/fpu\libc_nano.a(lib_a-init.o)
__preinit_array_start                             c:/program files (x86)/atollic/truestudio for stm32 9.3.0/armtools/bin/../lib/gcc/arm-atollic-eabi/6.3.1/../../../../arm-atollic-eabi/lib/armv7e-m/fpu\libc_nano.a(lib_a-init.o)
__register_frame_info                             c:/program files (x86)/atollic/truestudio for stm32 9.3.0/armtools/bin/../lib/gcc/arm-atollic-eabi/6.3.1/armv7e-m/fpu/crtbegin.o
_ebss                                             Init\startup_stm32f429x.o
_edata                                            Init\startup_stm32f429x.o
_estack                                           Init\startup_stm32f429x.o
_fini                                             c:/program files (x86)/atollic/truestudio for stm32 9.3.0/armtools/bin/../lib/gcc/arm-atollic-eabi/6.3.1/armv7e-m/fpu/crti.o
_init                                             c:/program files (x86)/atollic/truestudio for stm32 9.3.0/armtools/bin/../lib/gcc/arm-atollic-eabi/6.3.1/armv7e-m/fpu/crti.o
                                                  c:/program files (x86)/atollic/truestudio for stm32 9.3.0/armtools/bin/../lib/gcc/arm-atollic-eabi/6.3.1/../../../../arm-atollic-eabi/lib/armv7e-m/fpu\libc_nano.a(lib_a-init.o)
_sbss                                             Init\startup_stm32f429x.o
_sdata                                            Init\startup_stm32f429x.o
_sidata                                           Init\startup_stm32f429x.o
g_pfnVectors                                      Init\startup_stm32f429x.o
main                                              Init\main.o
                                                  Init\startup_stm32f429x.o
