Archive member included to satisfy reference by file (symbol)

c:/program files (x86)/atollic/truestudio for stm32 9.3.0/armtools/bin/../lib/gcc/arm-atollic-eabi/6.3.1/../../../../arm-atollic-eabi/lib/armv7e-m/fpu\libc_nano.a(lib_a-init.o)
                              Init\startup_stm32f429x.o (__libc_init_array)

Memory Configuration

Name             Origin             Length             Attributes
FLASH            0x08000000         0x00200000         xr
RAM              0x20000000         0x00030000         xrw
MEMORY_B1        0x60000000         0x00000000         xr
CCMRAM           0x10000000         0x00010000         rw
*default*        0x00000000         0xffffffff

Linker script and memory map

LOAD c:/program files (x86)/atollic/truestudio for stm32 9.3.0/armtools/bin/../lib/gcc/arm-atollic-eabi/6.3.1/armv7e-m/fpu/crti.o
LOAD c:/program files (x86)/atollic/truestudio for stm32 9.3.0/armtools/bin/../lib/gcc/arm-atollic-eabi/6.3.1/armv7e-m/fpu/crtbegin.o
LOAD Init\main.o
LOAD Init\startup_stm32f429x.o
LOAD Init\system_stm32f4xx.o
LOAD MCAL\GPIO\src\GPIO.o
LOAD MCAL\GPIO\src\GPIO_LCfg.o
LOAD MCAL\Interrupts\src\stm32f4xx_it.o
LOAD MCAL\SysTick\src\SysTick.o
                0x00000080                malloc_getpagesize_P = 0x80
START GROUP
LOAD c:/program files (x86)/atollic/truestudio for stm32 9.3.0/armtools/bin/../lib/gcc/arm-atollic-eabi/6.3.1/../../../../arm-atollic-eabi/lib/armv7e-m/fpu\libc_nano.a
LOAD c:/program files (x86)/atollic/truestudio for stm32 9.3.0/armtools/bin/../lib/gcc/arm-atollic-eabi/6.3.1/../../../../arm-atollic-eabi/lib/armv7e-m/fpu\libm.a
END GROUP
START GROUP
LOAD c:/program files (x86)/atollic/truestudio for stm32 9.3.0/armtools/bin/../lib/gcc/arm-atollic-eabi/6.3.1/armv7e-m/fpu\libgcc.a
LOAD c:/program files (x86)/atollic/truestudio for stm32 9.3.0/armtools/bin/../lib/gcc/arm-atollic-eabi/6.3.1/../../../../arm-atollic-eabi/lib/armv7e-m/fpu\libc_nano.a
END GROUP
START GROUP
LOAD c:/program files (x86)/atollic/truestudio for stm32 9.3.0/armtools/bin/../lib/gcc/arm-atollic-eabi/6.3.1/armv7e-m/fpu\libgcc.a
LOAD c:/program files (x86)/atollic/truestudio for stm32 9.3.0/armtools/bin/../lib/gcc/arm-atollic-eabi/6.3.1/../../../../arm-atollic-eabi/lib/armv7e-m/fpu\libc_nano.a
LOAD c:/program files (x86)/atollic/truestudio for stm32 9.3.0/armtools/bin/../lib/gcc/arm-atollic-eabi/6.3.1/../../../../arm-atollic-eabi/lib/armv7e-m/fpu\libnosys.a
END GROUP
START GROUP
LOAD c:/program files (x86)/atollic/truestudio for stm32 9.3.0/armtools/bin/../lib/gcc/arm-atollic-eabi/6.3.1/armv7e-m/fpu\libgcc.a
LOAD c:/program files (x86)/atollic/truestudio for stm32 9.3.0/armtools/bin/../lib/gcc/arm-atollic-eabi/6.3.1/../../../../arm-atollic-eabi/lib/armv7e-m/fpu\libc_nano.a
LOAD c:/program files (x86)/atollic/truestudio for stm32 9.3.0/armtools/bin/../lib/gcc/arm-atollic-eabi/6.3.1/../../../../arm-atollic-eabi/lib/armv7e-m/fpu\libnosys.a
END GROUP
LOAD c:/program files (x86)/atollic/truestudio for stm32 9.3.0/armtools/bin/../lib/gcc/arm-atollic-eabi/6.3.1/armv7e-m/fpu/crtend.o
LOAD c:/program files (x86)/atollic/truestudio for stm32 9.3.0/armtools/bin/../lib/gcc/arm-atollic-eabi/6.3.1/armv7e-m/fpu/crtn.o
                0x20030000                _estack = 0x20030000
                0x00000000                _Min_Heap_Size = 0x0
                0x00000400                _Min_Stack_Size = 0x400

.isr_vector     0x08000000      0x1ac
                0x08000000                . = ALIGN (0x4)
 *(.isr_vector)
 .isr_vector    0x08000000      0x1ac Init\startup_stm32f429x.o
                0x08000000                g_pfnVectors
                0x080001ac                . = ALIGN (0x4)

.text           0x080001ac      0x538
                0x080001ac                . = ALIGN (0x4)
 *(.text)
 .text          0x080001ac        0x0 c:/program files (x86)/atollic/truestudio for stm32 9.3.0/armtools/bin/../lib/gcc/arm-atollic-eabi/6.3.1/armv7e-m/fpu/crti.o
 .text          0x080001ac       0x40 c:/program files (x86)/atollic/truestudio for stm32 9.3.0/armtools/bin/../lib/gcc/arm-atollic-eabi/6.3.1/armv7e-m/fpu/crtbegin.o
 .text          0x080001ec       0x74 Init\main.o
                0x080001ec                main
                0x08000230                gpio_init
 .text          0x08000260       0x14 Init\startup_stm32f429x.o
 .text          0x08000274      0x25c Init\system_stm32f4xx.o
                0x08000274                SystemInit
                0x080002e0                SystemCoreClockUpdate
 .text          0x080004d0        0x0 MCAL\GPIO\src\GPIO.o
 .text          0x080004d0        0x0 MCAL\GPIO\src\GPIO_LCfg.o
 .text          0x080004d0       0x6c MCAL\Interrupts\src\stm32f4xx_it.o
                0x080004d0                NMI_Handler
                0x080004de                HardFault_Handler
                0x080004e4                MemManage_Handler
                0x080004ea                BusFault_Handler
                0x080004f0                UsageFault_Handler
                0x080004f6                SVC_Handler
                0x08000504                DebugMon_Handler
                0x08000512                PendSV_Handler
                0x08000520                SysTick_Handler
 .text          0x0800053c       0xf0 MCAL\SysTick\src\SysTick.o
                0x080005d4                SysTick_vidInit
                0x080005e8                SysTick_vidDelay
                0x08000614                SysTick_u32GetCurrentTick
 .text          0x0800062c        0x0 c:/program files (x86)/atollic/truestudio for stm32 9.3.0/armtools/bin/../lib/gcc/arm-atollic-eabi/6.3.1/../../../../arm-atollic-eabi/lib/armv7e-m/fpu\libc_nano.a(lib_a-init.o)
 .text          0x0800062c        0x0 c:/program files (x86)/atollic/truestudio for stm32 9.3.0/armtools/bin/../lib/gcc/arm-atollic-eabi/6.3.1/armv7e-m/fpu/crtend.o
 .text          0x0800062c        0x0 c:/program files (x86)/atollic/truestudio for stm32 9.3.0/armtools/bin/../lib/gcc/arm-atollic-eabi/6.3.1/armv7e-m/fpu/crtn.o
 *(.text*)
 .text.Reset_Handler
                0x0800062c       0x50 Init\startup_stm32f429x.o
                0x0800062c                Reset_Handler
 .text.Default_Handler
                0x0800067c        0x2 Init\startup_stm32f429x.o
                0x0800067c                RTC_Alarm_IRQHandler
                0x0800067c                HASH_RNG_IRQHandler
                0x0800067c                EXTI2_IRQHandler
                0x0800067c                TIM8_CC_IRQHandler
                0x0800067c                UART8_IRQHandler
                0x0800067c                SPI4_IRQHandler
                0x0800067c                TIM1_CC_IRQHandler
                0x0800067c                DMA2_Stream5_IRQHandler
                0x0800067c                DMA1_Stream5_IRQHandler
                0x0800067c                PVD_IRQHandler
                0x0800067c                SDIO_IRQHandler
                0x0800067c                TAMP_STAMP_IRQHandler
                0x0800067c                CAN2_RX1_IRQHandler
                0x0800067c                EXTI3_IRQHandler
                0x0800067c                TIM8_TRG_COM_TIM14_IRQHandler
                0x0800067c                TIM1_UP_TIM10_IRQHandler
                0x0800067c                TIM8_UP_TIM13_IRQHandler
                0x0800067c                I2C3_ER_IRQHandler
                0x0800067c                EXTI0_IRQHandler
                0x0800067c                I2C2_EV_IRQHandler
                0x0800067c                DMA1_Stream2_IRQHandler
                0x0800067c                CAN1_RX0_IRQHandler
                0x0800067c                FPU_IRQHandler
                0x0800067c                OTG_HS_WKUP_IRQHandler
                0x0800067c                LTDC_ER_IRQHandler
                0x0800067c                CAN2_SCE_IRQHandler
                0x0800067c                DMA2_Stream2_IRQHandler
                0x0800067c                SPI1_IRQHandler
                0x0800067c                TIM6_DAC_IRQHandler
                0x0800067c                TIM1_BRK_TIM9_IRQHandler
                0x0800067c                DCMI_IRQHandler
                0x0800067c                CAN2_RX0_IRQHandler
                0x0800067c                DMA2_Stream3_IRQHandler
                0x0800067c                USART6_IRQHandler
                0x0800067c                USART3_IRQHandler
                0x0800067c                CRYP_IRQHandler
                0x0800067c                CAN1_RX1_IRQHandler
                0x0800067c                UART5_IRQHandler
                0x0800067c                DMA2_Stream0_IRQHandler
                0x0800067c                TIM4_IRQHandler
                0x0800067c                I2C1_EV_IRQHandler
                0x0800067c                DMA1_Stream6_IRQHandler
                0x0800067c                DMA1_Stream1_IRQHandler
                0x0800067c                UART4_IRQHandler
                0x0800067c                TIM3_IRQHandler
                0x0800067c                RCC_IRQHandler
                0x0800067c                TIM8_BRK_TIM12_IRQHandler
                0x0800067c                Default_Handler
                0x0800067c                EXTI15_10_IRQHandler
                0x0800067c                ADC_IRQHandler
                0x0800067c                DMA1_Stream7_IRQHandler
                0x0800067c                SPI5_IRQHandler
                0x0800067c                TIM7_IRQHandler
                0x0800067c                CAN2_TX_IRQHandler
                0x0800067c                TIM5_IRQHandler
                0x0800067c                DMA2_Stream7_IRQHandler
                0x0800067c                I2C3_EV_IRQHandler
                0x0800067c                EXTI9_5_IRQHandler
                0x0800067c                RTC_WKUP_IRQHandler
                0x0800067c                LTDC_IRQHandler
                0x0800067c                ETH_WKUP_IRQHandler
                0x0800067c                SPI2_IRQHandler
                0x0800067c                OTG_HS_EP1_IN_IRQHandler
                0x0800067c                DMA1_Stream0_IRQHandler
                0x0800067c                CAN1_TX_IRQHandler
                0x0800067c                EXTI4_IRQHandler
                0x0800067c                ETH_IRQHandler
                0x0800067c                OTG_HS_EP1_OUT_IRQHandler
                0x0800067c                WWDG_IRQHandler
                0x0800067c                SPI6_IRQHandler
                0x0800067c                TIM2_IRQHandler
                0x0800067c                OTG_FS_WKUP_IRQHandler
                0x0800067c                TIM1_TRG_COM_TIM11_IRQHandler
                0x0800067c                OTG_HS_IRQHandler
                0x0800067c                DMA2D_IRQHandler
                0x0800067c                EXTI1_IRQHandler
                0x0800067c                UART7_IRQHandler
                0x0800067c                USART2_IRQHandler
                0x0800067c                I2C2_ER_IRQHandler
                0x0800067c                DMA2_Stream1_IRQHandler
                0x0800067c                CAN1_SCE_IRQHandler
                0x0800067c                FLASH_IRQHandler
                0x0800067c                DMA2_Stream4_IRQHandler
                0x0800067c                USART1_IRQHandler
                0x0800067c                OTG_FS_IRQHandler
                0x0800067c                SPI3_IRQHandler
                0x0800067c                DMA1_Stream4_IRQHandler
                0x0800067c                I2C1_ER_IRQHandler
                0x0800067c                FMC_IRQHandler
                0x0800067c                DMA2_Stream6_IRQHandler
                0x0800067c                SAI1_IRQHandler
                0x0800067c                DMA1_Stream3_IRQHandler
 *fill*         0x0800067e        0x2 
 .text.__libc_init_array
                0x08000680       0x48 c:/program files (x86)/atollic/truestudio for stm32 9.3.0/armtools/bin/../lib/gcc/arm-atollic-eabi/6.3.1/../../../../arm-atollic-eabi/lib/armv7e-m/fpu\libc_nano.a(lib_a-init.o)
                0x08000680                __libc_init_array
 *(.glue_7)
 .glue_7        0x080006c8        0x0 linker stubs
 *(.glue_7t)
 .glue_7t       0x080006c8        0x0 linker stubs
 *(.eh_frame)
 .eh_frame      0x080006c8        0x0 c:/program files (x86)/atollic/truestudio for stm32 9.3.0/armtools/bin/../lib/gcc/arm-atollic-eabi/6.3.1/armv7e-m/fpu/crtbegin.o
 .eh_frame      0x080006c8        0x4 c:/program files (x86)/atollic/truestudio for stm32 9.3.0/armtools/bin/../lib/gcc/arm-atollic-eabi/6.3.1/armv7e-m/fpu/crtend.o
 *(.init)
 .init          0x080006cc        0x4 c:/program files (x86)/atollic/truestudio for stm32 9.3.0/armtools/bin/../lib/gcc/arm-atollic-eabi/6.3.1/armv7e-m/fpu/crti.o
                0x080006cc                _init
 .init          0x080006d0        0x8 c:/program files (x86)/atollic/truestudio for stm32 9.3.0/armtools/bin/../lib/gcc/arm-atollic-eabi/6.3.1/armv7e-m/fpu/crtn.o
 *(.fini)
 .fini          0x080006d8        0x4 c:/program files (x86)/atollic/truestudio for stm32 9.3.0/armtools/bin/../lib/gcc/arm-atollic-eabi/6.3.1/armv7e-m/fpu/crti.o
                0x080006d8                _fini
 .fini          0x080006dc        0x8 c:/program files (x86)/atollic/truestudio for stm32 9.3.0/armtools/bin/../lib/gcc/arm-atollic-eabi/6.3.1/armv7e-m/fpu/crtn.o
                0x080006e4                . = ALIGN (0x4)
                0x080006e4                _etext = .

.vfp11_veneer   0x080006e4        0x0
 .vfp11_veneer  0x080006e4        0x0 linker stubs

.v4_bx          0x080006e4        0x0
 .v4_bx         0x080006e4        0x0 linker stubs

.iplt           0x080006e4        0x0
 .iplt          0x080006e4        0x0 c:/program files (x86)/atollic/truestudio for stm32 9.3.0/armtools/bin/../lib/gcc/arm-atollic-eabi/6.3.1/armv7e-m/fpu/crtbegin.o

.rodata         0x080006e4       0x50
                0x080006e4                . = ALIGN (0x4)
 *(.rodata)
 .rodata        0x080006e4       0x50 MCAL\GPIO\src\GPIO_LCfg.o
                0x080006e4                GPIO_akstreCfgPortG
 *(.rodata*)
                0x08000734                . = ALIGN (0x4)

.rel.dyn        0x08000734        0x0
 .rel.iplt      0x08000734        0x0 c:/program files (x86)/atollic/truestudio for stm32 9.3.0/armtools/bin/../lib/gcc/arm-atollic-eabi/6.3.1/armv7e-m/fpu/crtbegin.o

.ARM.extab
 *(.ARM.extab* .gnu.linkonce.armextab.*)

.ARM            0x08000734        0x0
                0x08000734                __exidx_start = .
 *(.ARM.exidx*)
                0x08000734                __exidx_end = .

.preinit_array  0x08000734        0x0
                0x08000734                PROVIDE (__preinit_array_start, .)
 *(.preinit_array*)
                0x08000734                PROVIDE (__preinit_array_end, .)

.init_array     0x08000734        0x4
                0x08000734                PROVIDE (__init_array_start, .)
 *(SORT(.init_array.*))
 *(.init_array*)
 .init_array    0x08000734        0x4 c:/program files (x86)/atollic/truestudio for stm32 9.3.0/armtools/bin/../lib/gcc/arm-atollic-eabi/6.3.1/armv7e-m/fpu/crtbegin.o
                0x08000738                PROVIDE (__init_array_end, .)

.fini_array     0x08000738        0x4
                [!provide]                PROVIDE (__fini_array_start, .)
 *(SORT(.fini_array.*))
 *(.fini_array*)
 .fini_array    0x08000738        0x4 c:/program files (x86)/atollic/truestudio for stm32 9.3.0/armtools/bin/../lib/gcc/arm-atollic-eabi/6.3.1/armv7e-m/fpu/crtbegin.o
                [!provide]                PROVIDE (__fini_array_end, .)
                0x0800073c                _sidata = LOADADDR (.data)

.data           0x20000000       0x18 load address 0x0800073c
                0x20000000                . = ALIGN (0x4)
                0x20000000                _sdata = .
 *(.data)
 .data          0x20000000        0x0 c:/program files (x86)/atollic/truestudio for stm32 9.3.0/armtools/bin/../lib/gcc/arm-atollic-eabi/6.3.1/armv7e-m/fpu/crti.o
 .data          0x20000000        0x4 c:/program files (x86)/atollic/truestudio for stm32 9.3.0/armtools/bin/../lib/gcc/arm-atollic-eabi/6.3.1/armv7e-m/fpu/crtbegin.o
                0x20000000                __dso_handle
 .data          0x20000004        0x0 Init\main.o
 .data          0x20000004        0x0 Init\startup_stm32f429x.o
 .data          0x20000004       0x14 Init\system_stm32f4xx.o
                0x20000004                SystemCoreClock
                0x20000008                AHBPrescTable
 .data          0x20000018        0x0 MCAL\GPIO\src\GPIO.o
 .data          0x20000018        0x0 MCAL\GPIO\src\GPIO_LCfg.o
 .data          0x20000018        0x0 MCAL\Interrupts\src\stm32f4xx_it.o
 .data          0x20000018        0x0 MCAL\SysTick\src\SysTick.o
 .data          0x20000018        0x0 c:/program files (x86)/atollic/truestudio for stm32 9.3.0/armtools/bin/../lib/gcc/arm-atollic-eabi/6.3.1/../../../../arm-atollic-eabi/lib/armv7e-m/fpu\libc_nano.a(lib_a-init.o)
 .data          0x20000018        0x0 c:/program files (x86)/atollic/truestudio for stm32 9.3.0/armtools/bin/../lib/gcc/arm-atollic-eabi/6.3.1/armv7e-m/fpu/crtend.o
 .data          0x20000018        0x0 c:/program files (x86)/atollic/truestudio for stm32 9.3.0/armtools/bin/../lib/gcc/arm-atollic-eabi/6.3.1/armv7e-m/fpu/crtn.o
 *(.data*)
                0x20000018                . = ALIGN (0x4)
                0x20000018                _edata = .
                0x08000754                _siccmram = LOADADDR (.ccmram)

.igot.plt       0x20000018        0x0 load address 0x08000754
 .igot.plt      0x20000018        0x0 c:/program files (x86)/atollic/truestudio for stm32 9.3.0/armtools/bin/../lib/gcc/arm-atollic-eabi/6.3.1/armv7e-m/fpu/crtbegin.o

.ccmram         0x10000000        0x0 load address 0x08000754
                0x10000000                . = ALIGN (0x4)
                0x10000000                _sccmram = .
 *(.ccmram)
 *(.ccmram*)
                0x10000000                . = ALIGN (0x4)
                0x10000000                _eccmram = .
                0x10000000                . = ALIGN (0x4)

.bss            0x20000018       0x20
                0x20000018                _sbss = .
                0x20000018                __bss_start__ = _sbss
 *(.bss)
 .bss           0x20000018        0x0 c:/program files (x86)/atollic/truestudio for stm32 9.3.0/armtools/bin/../lib/gcc/arm-atollic-eabi/6.3.1/armv7e-m/fpu/crti.o
 .bss           0x20000018       0x1c c:/program files (x86)/atollic/truestudio for stm32 9.3.0/armtools/bin/../lib/gcc/arm-atollic-eabi/6.3.1/armv7e-m/fpu/crtbegin.o
 .bss           0x20000034        0x0 Init\main.o
 .bss           0x20000034        0x0 Init\startup_stm32f429x.o
 .bss           0x20000034        0x0 Init\system_stm32f4xx.o
 .bss           0x20000034        0x0 MCAL\GPIO\src\GPIO.o
 .bss           0x20000034        0x0 MCAL\GPIO\src\GPIO_LCfg.o
 .bss           0x20000034        0x0 MCAL\Interrupts\src\stm32f4xx_it.o
 .bss           0x20000034        0x4 MCAL\SysTick\src\SysTick.o
                0x20000034                SysTick_u32eCounter
 .bss           0x20000038        0x0 c:/program files (x86)/atollic/truestudio for stm32 9.3.0/armtools/bin/../lib/gcc/arm-atollic-eabi/6.3.1/../../../../arm-atollic-eabi/lib/armv7e-m/fpu\libc_nano.a(lib_a-init.o)
 .bss           0x20000038        0x0 c:/program files (x86)/atollic/truestudio for stm32 9.3.0/armtools/bin/../lib/gcc/arm-atollic-eabi/6.3.1/armv7e-m/fpu/crtend.o
 .bss           0x20000038        0x0 c:/program files (x86)/atollic/truestudio for stm32 9.3.0/armtools/bin/../lib/gcc/arm-atollic-eabi/6.3.1/armv7e-m/fpu/crtn.o
 *(.bss*)
 *(COMMON)
                0x20000038                . = ALIGN (0x4)
                0x20000038                _ebss = .
                0x20000038                __bss_end__ = _ebss

._user_heap_stack
                0x20000038      0x400
                0x20000038                . = ALIGN (0x4)
                [!provide]                PROVIDE (end, .)
                [!provide]                PROVIDE (_end, .)
                0x20000038                . = (. + _Min_Heap_Size)
                0x20000438                . = (. + _Min_Stack_Size)
 *fill*         0x20000038      0x400 
                0x20000438                . = ALIGN (0x4)

.memory_b1_text
 *(.mb1text)
 *(.mb1text*)
 *(.mb1rodata)
 *(.mb1rodata*)

/DISCARD/
 libc.a(*)
 libm.a(*)
 libgcc.a(*)

.ARM.attributes
                0x00000000       0x30
 *(.ARM.attributes)
 .ARM.attributes
                0x00000000       0x22 c:/program files (x86)/atollic/truestudio for stm32 9.3.0/armtools/bin/../lib/gcc/arm-atollic-eabi/6.3.1/armv7e-m/fpu/crti.o
 .ARM.attributes
                0x00000022       0x34 c:/program files (x86)/atollic/truestudio for stm32 9.3.0/armtools/bin/../lib/gcc/arm-atollic-eabi/6.3.1/armv7e-m/fpu/crtbegin.o
 .ARM.attributes
                0x00000056       0x39 Init\main.o
 .ARM.attributes
                0x0000008f       0x21 Init\startup_stm32f429x.o
 .ARM.attributes
                0x000000b0       0x39 Init\system_stm32f4xx.o
 .ARM.attributes
                0x000000e9       0x39 MCAL\GPIO\src\GPIO.o
 .ARM.attributes
                0x00000122       0x39 MCAL\GPIO\src\GPIO_LCfg.o
 .ARM.attributes
                0x0000015b       0x39 MCAL\Interrupts\src\stm32f4xx_it.o
 .ARM.attributes
                0x00000194       0x39 MCAL\SysTick\src\SysTick.o
 .ARM.attributes
                0x000001cd       0x34 c:/program files (x86)/atollic/truestudio for stm32 9.3.0/armtools/bin/../lib/gcc/arm-atollic-eabi/6.3.1/../../../../arm-atollic-eabi/lib/armv7e-m/fpu\libc_nano.a(lib_a-init.o)
 .ARM.attributes
                0x00000201       0x34 c:/program files (x86)/atollic/truestudio for stm32 9.3.0/armtools/bin/../lib/gcc/arm-atollic-eabi/6.3.1/armv7e-m/fpu/crtend.o
 .ARM.attributes
                0x00000235       0x22 c:/program files (x86)/atollic/truestudio for stm32 9.3.0/armtools/bin/../lib/gcc/arm-atollic-eabi/6.3.1/armv7e-m/fpu/crtn.o
OUTPUT(Project.elf elf32-littlearm)

.debug_info     0x00000000     0x1453
 .debug_info    0x00000000      0x381 Init\main.o
 .debug_info    0x00000381       0x8c Init\startup_stm32f429x.o
 .debug_info    0x0000040d      0x5f7 Init\system_stm32f4xx.o
 .debug_info    0x00000a04      0x193 MCAL\GPIO\src\GPIO_LCfg.o
 .debug_info    0x00000b97      0x17d MCAL\Interrupts\src\stm32f4xx_it.o
 .debug_info    0x00000d14      0x73f MCAL\SysTick\src\SysTick.o

.debug_abbrev   0x00000000      0x50b
 .debug_abbrev  0x00000000       0xdc Init\main.o
 .debug_abbrev  0x000000dc       0x12 Init\startup_stm32f429x.o
 .debug_abbrev  0x000000ee      0x158 Init\system_stm32f4xx.o
 .debug_abbrev  0x00000246       0x8f MCAL\GPIO\src\GPIO_LCfg.o
 .debug_abbrev  0x000002d5       0x78 MCAL\Interrupts\src\stm32f4xx_it.o
 .debug_abbrev  0x0000034d      0x1be MCAL\SysTick\src\SysTick.o

.debug_aranges  0x00000000       0xc0
 .debug_aranges
                0x00000000       0x20 Init\main.o
 .debug_aranges
                0x00000020       0x28 Init\startup_stm32f429x.o
 .debug_aranges
                0x00000048       0x20 Init\system_stm32f4xx.o
 .debug_aranges
                0x00000068       0x18 MCAL\GPIO\src\GPIO_LCfg.o
 .debug_aranges
                0x00000080       0x20 MCAL\Interrupts\src\stm32f4xx_it.o
 .debug_aranges
                0x000000a0       0x20 MCAL\SysTick\src\SysTick.o

.debug_line     0x00000000      0x925
 .debug_line    0x00000000      0x1c5 Init\main.o
 .debug_line    0x000001c5       0x7b Init\startup_stm32f429x.o
 .debug_line    0x00000240      0x20f Init\system_stm32f4xx.o
 .debug_line    0x0000044f        0x0 MCAL\GPIO\src\GPIO.o
 .debug_line    0x0000044f       0x8d MCAL\GPIO\src\GPIO_LCfg.o
 .debug_line    0x000004dc      0x21f MCAL\Interrupts\src\stm32f4xx_it.o
 .debug_line    0x000006fb      0x22a MCAL\SysTick\src\SysTick.o

.debug_str      0x00000000      0xce0
 .debug_str     0x00000000      0x2f2 Init\main.o
                                0x345 (size before relaxing)
 .debug_str     0x000002f2      0x11d Init\system_stm32f4xx.o
                                0x40b (size before relaxing)
 .debug_str     0x0000040f       0x18 MCAL\GPIO\src\GPIO.o
                                0x106 (size before relaxing)
 .debug_str     0x00000427      0x192 MCAL\GPIO\src\GPIO_LCfg.o
                                0x324 (size before relaxing)
 .debug_str     0x000005b9       0xd1 MCAL\Interrupts\src\stm32f4xx_it.o
                                0x29c (size before relaxing)
 .debug_str     0x0000068a      0x656 MCAL\SysTick\src\SysTick.o
                                0x8d9 (size before relaxing)

.comment        0x00000000       0x7c
 .comment       0x00000000       0x7c Init\main.o
                                 0x7d (size before relaxing)
 .comment       0x0000007c       0x7d Init\system_stm32f4xx.o
 .comment       0x0000007c       0x7d MCAL\GPIO\src\GPIO.o
 .comment       0x0000007c       0x7d MCAL\GPIO\src\GPIO_LCfg.o
 .comment       0x0000007c       0x7d MCAL\Interrupts\src\stm32f4xx_it.o
 .comment       0x0000007c       0x7d MCAL\SysTick\src\SysTick.o

.debug_frame    0x00000000      0x2c0
 .debug_frame   0x00000000       0x4c Init\main.o
 .debug_frame   0x0000004c       0x7c Init\system_stm32f4xx.o
 .debug_frame   0x000000c8      0x110 MCAL\Interrupts\src\stm32f4xx_it.o
 .debug_frame   0x000001d8       0xbc MCAL\SysTick\src\SysTick.o
 .debug_frame   0x00000294       0x2c c:/program files (x86)/atollic/truestudio for stm32 9.3.0/armtools/bin/../lib/gcc/arm-atollic-eabi/6.3.1/../../../../arm-atollic-eabi/lib/armv7e-m/fpu\libc_nano.a(lib_a-init.o)

.debug_ranges   0x00000000       0x20
 .debug_ranges  0x00000000       0x20 Init\startup_stm32f429x.o

Cross Reference Table

Symbol                                            File
ADC_IRQHandler                                    Init\startup_stm32f429x.o
AHBPrescTable                                     Init\system_stm32f4xx.o
BusFault_Handler                                  MCAL\Interrupts\src\stm32f4xx_it.o
                                                  Init\startup_stm32f429x.o
CAN1_RX0_IRQHandler                               Init\startup_stm32f429x.o
CAN1_RX1_IRQHandler                               Init\startup_stm32f429x.o
CAN1_SCE_IRQHandler                               Init\startup_stm32f429x.o
CAN1_TX_IRQHandler                                Init\startup_stm32f429x.o
CAN2_RX0_IRQHandler                               Init\startup_stm32f429x.o
CAN2_RX1_IRQHandler                               Init\startup_stm32f429x.o
CAN2_SCE_IRQHandler                               Init\startup_stm32f429x.o
CAN2_TX_IRQHandler                                Init\startup_stm32f429x.o
CRYP_IRQHandler                                   Init\startup_stm32f429x.o
DCMI_IRQHandler                                   Init\startup_stm32f429x.o
DMA1_Stream0_IRQHandler                           Init\startup_stm32f429x.o
DMA1_Stream1_IRQHandler                           Init\startup_stm32f429x.o
DMA1_Stream2_IRQHandler                           Init\startup_stm32f429x.o
DMA1_Stream3_IRQHandler                           Init\startup_stm32f429x.o
DMA1_Stream4_IRQHandler                           Init\startup_stm32f429x.o
DMA1_Stream5_IRQHandler                           Init\startup_stm32f429x.o
DMA1_Stream6_IRQHandler                           Init\startup_stm32f429x.o
DMA1_Stream7_IRQHandler                           Init\startup_stm32f429x.o
DMA2D_IRQHandler                                  Init\startup_stm32f429x.o
DMA2_Stream0_IRQHandler                           Init\startup_stm32f429x.o
DMA2_Stream1_IRQHandler                           Init\startup_stm32f429x.o
DMA2_Stream2_IRQHandler                           Init\startup_stm32f429x.o
DMA2_Stream3_IRQHandler                           Init\startup_stm32f429x.o
DMA2_Stream4_IRQHandler                           Init\startup_stm32f429x.o
DMA2_Stream5_IRQHandler                           Init\startup_stm32f429x.o
DMA2_Stream6_IRQHandler                           Init\startup_stm32f429x.o
DMA2_Stream7_IRQHandler                           Init\startup_stm32f429x.o
DebugMon_Handler                                  MCAL\Interrupts\src\stm32f4xx_it.o
                                                  Init\startup_stm32f429x.o
Default_Handler                                   Init\startup_stm32f429x.o
ETH_IRQHandler                                    Init\startup_stm32f429x.o
ETH_WKUP_IRQHandler                               Init\startup_stm32f429x.o
EXTI0_IRQHandler                                  Init\startup_stm32f429x.o
EXTI15_10_IRQHandler                              Init\startup_stm32f429x.o
EXTI1_IRQHandler                                  Init\startup_stm32f429x.o
EXTI2_IRQHandler                                  Init\startup_stm32f429x.o
EXTI3_IRQHandler                                  Init\startup_stm32f429x.o
EXTI4_IRQHandler                                  Init\startup_stm32f429x.o
EXTI9_5_IRQHandler                                Init\startup_stm32f429x.o
FLASH_IRQHandler                                  Init\startup_stm32f429x.o
FMC_IRQHandler                                    Init\startup_stm32f429x.o
FPU_IRQHandler                                    Init\startup_stm32f429x.o
GPIO_akstreCfgPortG                               MCAL\GPIO\src\GPIO_LCfg.o
HASH_RNG_IRQHandler                               Init\startup_stm32f429x.o
HardFault_Handler                                 MCAL\Interrupts\src\stm32f4xx_it.o
                                                  Init\startup_stm32f429x.o
I2C1_ER_IRQHandler                                Init\startup_stm32f429x.o
I2C1_EV_IRQHandler                                Init\startup_stm32f429x.o
I2C2_ER_IRQHandler                                Init\startup_stm32f429x.o
I2C2_EV_IRQHandler                                Init\startup_stm32f429x.o
I2C3_ER_IRQHandler                                Init\startup_stm32f429x.o
I2C3_EV_IRQHandler                                Init\startup_stm32f429x.o
LTDC_ER_IRQHandler                                Init\startup_stm32f429x.o
LTDC_IRQHandler                                   Init\startup_stm32f429x.o
MemManage_Handler                                 MCAL\Interrupts\src\stm32f4xx_it.o
                                                  Init\startup_stm32f429x.o
NMI_Handler                                       MCAL\Interrupts\src\stm32f4xx_it.o
                                                  Init\startup_stm32f429x.o
OTG_FS_IRQHandler                                 Init\startup_stm32f429x.o
OTG_FS_WKUP_IRQHandler                            Init\startup_stm32f429x.o
OTG_HS_EP1_IN_IRQHandler                          Init\startup_stm32f429x.o
OTG_HS_EP1_OUT_IRQHandler                         Init\startup_stm32f429x.o
OTG_HS_IRQHandler                                 Init\startup_stm32f429x.o
OTG_HS_WKUP_IRQHandler                            Init\startup_stm32f429x.o
PVD_IRQHandler                                    Init\startup_stm32f429x.o
PendSV_Handler                                    MCAL\Interrupts\src\stm32f4xx_it.o
                                                  Init\startup_stm32f429x.o
RCC_IRQHandler                                    Init\startup_stm32f429x.o
RTC_Alarm_IRQHandler                              Init\startup_stm32f429x.o
RTC_WKUP_IRQHandler                               Init\startup_stm32f429x.o
Reset_Handler                                     Init\startup_stm32f429x.o
SAI1_IRQHandler                                   Init\startup_stm32f429x.o
SDIO_IRQHandler                                   Init\startup_stm32f429x.o
SPI1_IRQHandler                                   Init\startup_stm32f429x.o
SPI2_IRQHandler                                   Init\startup_stm32f429x.o
SPI3_IRQHandler                                   Init\startup_stm32f429x.o
SPI4_IRQHandler                                   Init\startup_stm32f429x.o
SPI5_IRQHandler                                   Init\startup_stm32f429x.o
SPI6_IRQHandler                                   Init\startup_stm32f429x.o
SVC_Handler                                       MCAL\Interrupts\src\stm32f4xx_it.o
                                                  Init\startup_stm32f429x.o
SysTick_Handler                                   MCAL\Interrupts\src\stm32f4xx_it.o
                                                  Init\startup_stm32f429x.o
SysTick_u32GetCurrentTick                         MCAL\SysTick\src\SysTick.o
SysTick_u32eCounter                               MCAL\SysTick\src\SysTick.o
                                                  MCAL\Interrupts\src\stm32f4xx_it.o
SysTick_vidDelay                                  MCAL\SysTick\src\SysTick.o
                                                  Init\main.o
SysTick_vidInit                                   MCAL\SysTick\src\SysTick.o
                                                  Init\main.o
SystemCoreClock                                   Init\system_stm32f4xx.o
SystemCoreClockUpdate                             Init\system_stm32f4xx.o
SystemInit                                        Init\system_stm32f4xx.o
                                                  Init\startup_stm32f429x.o
TAMP_STAMP_IRQHandler                             Init\startup_stm32f429x.o
TIM1_BRK_TIM9_IRQHandler                          Init\startup_stm32f429x.o
TIM1_CC_IRQHandler                                Init\startup_stm32f429x.o
TIM1_TRG_COM_TIM11_IRQHandler                     Init\startup_stm32f429x.o
TIM1_UP_TIM10_IRQHandler                          Init\startup_stm32f429x.o
TIM2_IRQHandler                                   Init\startup_stm32f429x.o
TIM3_IRQHandler                                   Init\startup_stm32f429x.o
TIM4_IRQHandler                                   Init\startup_stm32f429x.o
TIM5_IRQHandler                                   Init\startup_stm32f429x.o
TIM6_DAC_IRQHandler                               Init\startup_stm32f429x.o
TIM7_IRQHandler                                   Init\startup_stm32f429x.o
TIM8_BRK_TIM12_IRQHandler                         Init\startup_stm32f429x.o
TIM8_CC_IRQHandler                                Init\startup_stm32f429x.o
TIM8_TRG_COM_TIM14_IRQHandler                     Init\startup_stm32f429x.o
TIM8_UP_TIM13_IRQHandler                          Init\startup_stm32f429x.o
UART4_IRQHandler                                  Init\startup_stm32f429x.o
UART5_IRQHandler                                  Init\startup_stm32f429x.o
UART7_IRQHandler                                  Init\startup_stm32f429x.o
UART8_IRQHandler                                  Init\startup_stm32f429x.o
USART1_IRQHandler                                 Init\startup_stm32f429x.o
USART2_IRQHandler                                 Init\startup_stm32f429x.o
USART3_IRQHandler                                 Init\startup_stm32f429x.o
USART6_IRQHandler                                 Init\startup_stm32f429x.o
UsageFault_Handler                                MCAL\Interrupts\src\stm32f4xx_it.o
                                                  Init\startup_stm32f429x.o
WWDG_IRQHandler                                   Init\startup_stm32f429x.o
__deregister_frame_info                           c:/program files (x86)/atollic/truestudio for stm32 9.3.0/armtools/bin/../lib/gcc/arm-atollic-eabi/6.3.1/armv7e-m/fpu/crtbegin.o
__dso_handle                                      c:/program files (x86)/atollic/truestudio for stm32 9.3.0/armtools/bin/../lib/gcc/arm-atollic-eabi/6.3.1/armv7e-m/fpu/crtbegin.o
__init_array_end                                  c:/program files (x86)/atollic/truestudio for stm32 9.3.0/armtools/bin/../lib/gcc/arm-atollic-eabi/6.3.1/../../../../arm-atollic-eabi/lib/armv7e-m/fpu\libc_nano.a(lib_a-init.o)
__init_array_start                                c:/program files (x86)/atollic/truestudio for stm32 9.3.0/armtools/bin/../lib/gcc/arm-atollic-eabi/6.3.1/../../../../arm-atollic-eabi/lib/armv7e-m/fpu\libc_nano.a(lib_a-init.o)
__libc_init_array                                 c:/program files (x86)/atollic/truestudio for stm32 9.3.0/armtools/bin/../lib/gcc/arm-atollic-eabi/6.3.1/../../../../arm-atollic-eabi/lib/armv7e-m/fpu\libc_nano.a(lib_a-init.o)
                                                  Init\startup_stm32f429x.o
__preinit_array_end                               c:/program files (x86)/atollic/truestudio for stm32 9.3.0/armtools/bin/../lib/gcc/arm-atollic-eabi/6.3.1/../../../../arm-atollic-eabi/lib/armv7e-m/fpu\libc_nano.a(lib_a-init.o)
__preinit_array_start                             c:/program files (x86)/atollic/truestudio for stm32 9.3.0/armtools/bin/../lib/gcc/arm-atollic-eabi/6.3.1/../../../../arm-atollic-eabi/lib/armv7e-m/fpu\libc_nano.a(lib_a-init.o)
__register_frame_info                             c:/program files (x86)/atollic/truestudio for stm32 9.3.0/armtools/bin/../lib/gcc/arm-atollic-eabi/6.3.1/armv7e-m/fpu/crtbegin.o
_ebss                                             Init\startup_stm32f429x.o
_edata                                            Init\startup_stm32f429x.o
_estack                                           Init\startup_stm32f429x.o
_fini                                             c:/program files (x86)/atollic/truestudio for stm32 9.3.0/armtools/bin/../lib/gcc/arm-atollic-eabi/6.3.1/armv7e-m/fpu/crti.o
_init                                             c:/program files (x86)/atollic/truestudio for stm32 9.3.0/armtools/bin/../lib/gcc/arm-atollic-eabi/6.3.1/armv7e-m/fpu/crti.o
                                                  c:/program files (x86)/atollic/truestudio for stm32 9.3.0/armtools/bin/../lib/gcc/arm-atollic-eabi/6.3.1/../../../../arm-atollic-eabi/lib/armv7e-m/fpu\libc_nano.a(lib_a-init.o)
_sbss                                             Init\startup_stm32f429x.o
_sdata                                            Init\startup_stm32f429x.o
_sidata                                           Init\startup_stm32f429x.o
g_pfnVectors                                      Init\startup_stm32f429x.o
gpio_init                                         Init\main.o
main                                              Init\main.o
                                                  Init\startup_stm32f429x.o
